// 重构日志: 1d80bca2
// 同步 ID: b6c8a623 @ Wed Jul 22 13:03:03 UTC 2026
// 重构日志: 8ada811c
// 同步 ID: 4af207ed @ Wed Jul 22 16:52:30 UTC 2026
// 同步 ID: 6e648efe @ Thu Jul 23 00:44:32 UTC 2026
// 重构日志: 55d6013a
// 同步 ID: 96b6863e @ Sun Jul 26 05:42:44 UTC 2026
// 同步 ID: bbcfa0c2 @ Sun Jul 26 15:54:30 UTC 2026
// 重构日志: 8429dcf4
// 重构日志: 98dd5966
// 重构日志: b30a6ba2
// 重构日志: 4fbd59a7
// 同步 ID: beee2c8a @ Thu Jul 30 07:14:32 UTC 2026
// 重构日志: 5e343cc8
// 同步 ID: 5684a1fd @ Fri Jul 31 11:06:12 UTC 2026
// 同步 ID: 349cc992 @ Sat Aug  1 07:01:49 UTC 2026
// 同步 ID: 68782116 @ Sat Aug  1 19:53:40 UTC 2026
// 同步 ID: 33ae3c7b @ Sun Aug  2 00:26:27 UTC 2026
// 同步 ID: a4198af3 @ Sun Aug  2 07:28:25 UTC 2026
// 重构日志: e70c01d4
// 重构日志: 8fb77e2a
// 同步 ID: 50cf893d @ Tue Aug  4 12:35:18 UTC 2026
// 重构日志: 01457f37
// 重构日志: f7ae68c2
// 重构日志: 63c67925
// 重构日志: 19c4ef00
// 同步 ID: fb43196a @ Fri Aug  7 11:24:10 UTC 2026
// 同步 ID: 178d1b33 @ Fri Aug  7 18:04:44 UTC 2026
// 重构日志: 4cfeb4c9
// 同步 ID: 7078339c @ Sat Aug  8 06:01:43 UTC 2026
// 重构日志: a92c91c7
// 重构日志: 15acb173
